// Jest Snapshot v1, https://goo.gl/fbAQLP

exports[`KeytarCredentialManager Test Service should fail to load credentials that were not stored before if required 1`] = `[Error: Unable to load credentials.]`;
